BL51 BANKED LINKER/LOCATER V6.22.2.0                                                    06/04/2019  16:01:36  PAGE 1


BL51 BANKED LINKER/LOCATER V6.22.2.0, INVOKED BY:
D:\SOFTWARE\KEIL\C51\BIN\BL51.EXE .\Objects\主程序.obj TO .\Objects\test PRINT (.\Listings\test.m51) RAMSIZE (256)


MEMORY MODEL: SMALL


INPUT MODULES INCLUDED:
  .\Objects\主程序.obj (______)
  D:\SOFTWARE\KEIL\C51\LIB\C51S.LIB (?C_STARTUP)
  D:\SOFTWARE\KEIL\C51\LIB\C51S.LIB (?C_INIT)


LINK MAP OF MODULE:  .\Objects\test (______)


            TYPE    BASE      LENGTH    RELOCATION   SEGMENT NAME
            -----------------------------------------------------

            * * * * * * *   D A T A   M E M O R Y   * * * * * * *
            REG     0000H     0008H     ABSOLUTE     "REG BANK 0"
            DATA    0008H     000EH     UNIT         ?DT?______
            DATA    0016H     0003H     UNIT         _DATA_GROUP_
                    0019H     0007H                  *** GAP ***
            BIT     0020H.0   0000H.3   UNIT         ?BI?______
                    0020H.3   0000H.5                *** GAP ***
            IDATA   0021H     0001H     UNIT         ?STACK

            * * * * * * *   C O D E   M E M O R Y   * * * * * * *
            CODE    0000H     0003H     ABSOLUTE     
            CODE    0003H     0004H     UNIT         ?C_INITSEG
            CODE    0007H     0003H     UNIT         ?PR?TIMER0?______
            CODE    000AH     0001H     UNIT         ?PR?DISPLAYRTC?______
            CODE    000BH     0003H     ABSOLUTE     
            CODE    000EH     008CH     UNIT         ?C_C51STARTUP
            CODE    009AH     0055H     UNIT         ?PR?MAIN?______
            CODE    00EFH     0049H     UNIT         ?CO?______
            CODE    0138H     0031H     UNIT         ?PR?ADC_S?______
            CODE    0169H     0029H     UNIT         ?PR?_L1602_DELAY1MS?______
            CODE    0192H     0027H     UNIT         ?PR?LCDINIT?______
            CODE    01B9H     0017H     UNIT         ?PR?_LCDWRITECOM?______
            CODE    01D0H     0017H     UNIT         ?PR?_LCDWRITEDATA?______
            CODE    01E7H     0016H     UNIT         ?PR?READ_BUSY?______
            CODE    01FDH     0013H     UNIT         ?PR?TIMER0INIT?______
            CODE    0210H     000FH     UNIT         ?PR?DELAY200MS?______



OVERLAY MAP OF MODULE:   .\Objects\test (______)


SEGMENT                              DATA_GROUP 
  +--> CALLED SEGMENT              START    LENGTH
--------------------------------------------------
?C_C51STARTUP                      -----    -----
  +--> ?PR?MAIN?______
  +--> ?C_INITSEG

BL51 BANKED LINKER/LOCATER V6.22.2.0                                                  06/04/2019  16:01:36  PAGE 2


?PR?MAIN?______                    0016H    0003H
  +--> ?PR?TIMER0INIT?______
  +--> ?PR?LCDINIT?______
  +--> ?PR?_LCDWRITECOM?______
  +--> ?CO?______
  +--> ?PR?_LCDWRITEDATA?______
  +--> ?PR?DELAY200MS?______
  +--> ?PR?ADC_S?______
  +--> ?PR?DISPLAYRTC?______

?PR?LCDINIT?______                 -----    -----
  +--> ?PR?_L1602_DELAY1MS?______
  +--> ?PR?_LCDWRITECOM?______
  +--> ?PR?READ_BUSY?______

?PR?_L1602_DELAY1MS?______         -----    -----
  +--> ?PR?_LCDWRITECOM?______

?PR?READ_BUSY?______               -----    -----
  +--> ?PR?_LCDWRITECOM?______

?PR?_LCDWRITEDATA?______           -----    -----
  +--> ?PR?_L1602_DELAY1MS?______



SYMBOL TABLE OF MODULE:  .\Objects\test (______)

  VALUE           TYPE          NAME
  ----------------------------------

  -------         MODULE        ______
  C:0000H         SYMBOL        _ICE_DUMMY_
  D:0093H         PUBLIC        P0M1
  D:0096H         PUBLIC        P2M0
  D:0080H         PUBLIC        P0
  D:0095H         PUBLIC        P2M1
  D:0090H         PUBLIC        P1
  D:00A0H         PUBLIC        P2
  D:00B0H         PUBLIC        P3
  D:00C0H         PUBLIC        P4
  B:0020H.0       PUBLIC        R_S
  D:00C8H         PUBLIC        P5
  B:00A8H.7       PUBLIC        EA
  D:00E8H         PUBLIC        P6
  D:00F8H         PUBLIC        P7
  D:00A8H         PUBLIC        IE
  B:00A0H.7       PUBLIC        EN
  C:0130H         PUBLIC        T_COM
  D:00BDH         PUBLIC        ADC_RES
  D:00B8H         PUBLIC        IP
  B:00A0H.0       PUBLIC        FY
  C:01D0H         PUBLIC        _LcdWriteData
  D:0008H         PUBLIC        Comparison
  D:00D8H         PUBLIC        CCON
  D:0009H         PUBLIC        key_z
  B:00A0H.5       PUBLIC        RS
BL51 BANKED LINKER/LOCATER V6.22.2.0                                                  06/04/2019  16:01:36  PAGE 3


  C:009AH         PUBLIC        main
  D:000AH         PUBLIC        adc
  B:00A0H.6       PUBLIC        RW
  C:0192H         PUBLIC        LcdInit
  D:00BCH         PUBLIC        ADC_CONTR
  D:0098H         PUBLIC        SCON
  B:0020H.1       PUBLIC        B_2ms
  D:0089H         PUBLIC        TMOD
  D:0088H         PUBLIC        TCON
  C:011BH         PUBLIC        asc
  D:008EH         PUBLIC        AUXR
  C:01B9H         PUBLIC        _LcdWriteCom
  C:01ECH         PUBLIC        read_busy
  C:000AH         PUBLIC        DisplayRTC
  D:000CH         PUBLIC        volt
  C:0125H         PUBLIC        asc_1
  B:00A8H.1       PUBLIC        ET0
  B:0088H.5       PUBLIC        TF0
  C:01FDH         PUBLIC        Timer0Init
  D:008CH         PUBLIC        TH0
  C:00EFH         PUBLIC        t_display
  D:008AH         PUBLIC        TL0
  C:0007H         PUBLIC        timer0
  B:0088H.4       PUBLIC        TR0
  D:009DH         PUBLIC        P1ASF
  D:00BEH         PUBLIC        ADC_RESL
  C:0210H         PUBLIC        Delay200ms
  D:000DH         PUBLIC        LED_8
  D:0015H         PUBLIC        sun_8
  B:0090H.1       PUBLIC        F_M
  B:00D0H.5       PUBLIC        F0
  D:00D0H         PUBLIC        PSW
  C:0138H         PUBLIC        ADC_S
  C:0179H         PUBLIC        _L1602_Delay1ms
  B:0020H.2       PUBLIC        J_S
  D:0094H         PUBLIC        P0M0
  C:01E7H         SYMBOL        L?0046
  -------         PROC          L?0045
  -------         ENDPROC       L?0045
  C:01E7H         SYMBOL        L?0046
  -------         PROC          READ_BUSY
  C:01ECH         LINE#         73
  C:01ECH         LINE#         74
  C:01ECH         LINE#         75
  C:01EFH         LINE#         76
  C:01F1H         LINE#         77
  C:01F3H         LINE#         78
  C:01F5H         LINE#         79
  C:01FAH         LINE#         80
  C:01FCH         LINE#         81
  -------         ENDPROC       READ_BUSY
  C:0175H         SYMBOL        L?0044
  -------         PROC          L?0043
  -------         ENDPROC       L?0043
  C:0175H         SYMBOL        L?0044
  -------         PROC          _L1602_DELAY1MS
  D:0006H         SYMBOL        c
BL51 BANKED LINKER/LOCATER V6.22.2.0                                                  06/04/2019  16:01:36  PAGE 4


  -------         DO            
  D:0004H         SYMBOL        a
  D:0005H         SYMBOL        b
  -------         ENDDO         
  C:0179H         LINE#         91
  C:0179H         LINE#         92
  C:0179H         LINE#         94
  C:0182H         LINE#         95
  C:0182H         LINE#         96
  C:0184H         LINE#         97
  C:0184H         LINE#         98
  C:0188H         LINE#         99
  C:018AH         LINE#         100
  C:0191H         LINE#         102
  -------         ENDPROC       _L1602_DELAY1MS
  -------         PROC          _LCDWRITECOM
  D:0006H         SYMBOL        com
  C:01B9H         LINE#         111
  C:01B9H         LINE#         112
  C:01B9H         LINE#         113
  C:01BBH         LINE#         114
  C:01BDH         LINE#         116
  C:01BFH         LINE#         117
  C:01C6H         LINE#         118
  C:01C8H         LINE#         120
  C:01CAH         LINE#         121
  C:01CDH         LINE#         122
  C:01CFH         LINE#         123
  -------         ENDPROC       _LCDWRITECOM
  -------         PROC          _LCDWRITEDATA
  D:0006H         SYMBOL        dat
  C:01D0H         LINE#         131
  C:01D0H         LINE#         132
  C:01D0H         LINE#         133
  C:01D2H         LINE#         134
  C:01D4H         LINE#         135
  C:01D6H         LINE#         136
  C:01DDH         LINE#         137
  C:01DFH         LINE#         139
  C:01E1H         LINE#         140
  C:01E4H         LINE#         141
  C:01E6H         LINE#         142
  -------         ENDPROC       _LCDWRITEDATA
  -------         PROC          LCDINIT
  C:0192H         LINE#         150
  C:0192H         LINE#         151
  C:0192H         LINE#         152
  C:0194H         LINE#         153
  C:0194H         LINE#         154
  C:0197H         LINE#         155
  C:019EH         LINE#         156
  C:01A0H         LINE#         157
  C:01A0H         LINE#         158
  C:01A3H         LINE#         159
  C:01A5H         LINE#         160
  C:01A8H         LINE#         161
  C:01AAH         LINE#         162
BL51 BANKED LINKER/LOCATER V6.22.2.0                                                  06/04/2019  16:01:36  PAGE 5


  C:01ADH         LINE#         163
  C:01AFH         LINE#         164
  C:01B2H         LINE#         165
  -------         ENDPROC       LCDINIT
  -------         PROC          ADC_S
  C:0138H         LINE#         169
  C:0138H         LINE#         170
  C:0138H         LINE#         171
  C:013BH         LINE#         172
  C:013CH         LINE#         173
  C:013DH         LINE#         174
  C:013EH         LINE#         175
  C:013FH         LINE#         176
  C:0145H         LINE#         180
  C:014EH         LINE#         181
  C:0168H         LINE#         183
  -------         ENDPROC       ADC_S
  -------         PROC          DISPLAYRTC
  C:000AH         LINE#         256
  C:000AH         LINE#         257
  C:000AH         LINE#         266
  -------         ENDPROC       DISPLAYRTC
  -------         PROC          DELAY200MS
  -------         DO            
  D:0007H         SYMBOL        i
  D:0006H         SYMBOL        j
  D:0005H         SYMBOL        k
  -------         ENDDO         
  C:0210H         LINE#         288
  C:0210H         LINE#         289
  C:0210H         LINE#         292
  C:0211H         LINE#         293
  C:0212H         LINE#         294
  C:0214H         LINE#         295
  C:0216H         LINE#         296
  C:0218H         LINE#         298
  C:0218H         LINE#         300
  C:0218H         LINE#         301
  C:021AH         LINE#         302
  C:021CH         LINE#         303
  C:021EH         LINE#         304
  -------         ENDPROC       DELAY200MS
  -------         PROC          TIMER0INIT
  C:01FDH         LINE#         309
  C:01FDH         LINE#         310
  C:01FDH         LINE#         311
  C:0200H         LINE#         312
  C:0203H         LINE#         313
  C:0206H         LINE#         314
  C:0209H         LINE#         315
  C:020BH         LINE#         316
  C:020DH         LINE#         317
  C:020FH         LINE#         318
  -------         ENDPROC       TIMER0INIT
  -------         PROC          TIMER0
  C:0007H         LINE#         321
  C:0007H         LINE#         324
BL51 BANKED LINKER/LOCATER V6.22.2.0                                                  06/04/2019  16:01:36  PAGE 6


  C:0009H         LINE#         326
  -------         ENDPROC       TIMER0
  -------         PROC          MAIN
  -------         DO            
  D:0016H         SYMBOL        B_10ms
  D:0003H         SYMBOL        i
  D:0017H         SYMBOL        B_3s
  -------         ENDDO         
  C:009AH         LINE#         330
  C:009AH         LINE#         331
  C:009AH         LINE#         332
  C:009DH         LINE#         333
  C:009EH         LINE#         334
  C:00A2H         LINE#         335
  C:00A4H         LINE#         336
  C:00A6H         LINE#         337
  C:00A8H         LINE#         338
  C:00AAH         LINE#         339
  C:00ACH         LINE#         340
  C:00AEH         LINE#         342
  C:00B1H         LINE#         343
  C:00B3H         LINE#         344
  C:00B5H         LINE#         346
  C:00B8H         LINE#         347
  C:00BFH         LINE#         348
  C:00C2H         LINE#         349
  C:00C5H         LINE#         350
  C:00C5H         LINE#         351
  C:00C5H         LINE#         352
  C:00D0H         LINE#         353
  C:00D4H         LINE#         354
  C:00D7H         LINE#         355
  C:00D9H         LINE#         357
  C:00D9H         LINE#         358
  C:00D9H         LINE#         360
  C:00DCH         LINE#         361
  C:00DCH         LINE#         362
  C:00DFH         LINE#         363
  C:00DFH         LINE#         364
  C:00E1H         LINE#         365
  C:00E3H         LINE#         367
  C:00E3H         LINE#         368
  C:00E5H         LINE#         369
  C:00E5H         LINE#         370
  C:00E8H         LINE#         371
  C:00EBH         LINE#         372
  C:00EDH         LINE#         373
  C:00EDH         LINE#         374
  -------         ENDPROC       MAIN
  -------         ENDMOD        ______

Program Size: data=26.3 xdata=0 code=543
LINK/LOCATE RUN COMPLETE.  0 WARNING(S),  0 ERROR(S)
